------------------------------------------------------------
Timing Analyzer Summary
------------------------------------------------------------

Type  : Slow 1200mV 85C Model Setup 'PLL_ip_inst|altpll_component|auto_generated|pll1|clk[1]'
Slack : 38.998
TNS   : 0.000

Type  : Slow 1200mV 85C Model Hold 'PLL_ip_inst|altpll_component|auto_generated|pll1|clk[1]'
Slack : 0.452
TNS   : 0.000

Type  : Slow 1200mV 85C Model Minimum Pulse Width 'sys_clk'
Slack : 9.934
TNS   : 0.000

Type  : Slow 1200mV 85C Model Minimum Pulse Width 'PLL_ip_inst|altpll_component|auto_generated|pll1|clk[1]'
Slack : 19.718
TNS   : 0.000

Type  : Slow 1200mV 0C Model Setup 'PLL_ip_inst|altpll_component|auto_generated|pll1|clk[1]'
Slack : 39.092
TNS   : 0.000

Type  : Slow 1200mV 0C Model Hold 'PLL_ip_inst|altpll_component|auto_generated|pll1|clk[1]'
Slack : 0.401
TNS   : 0.000

Type  : Slow 1200mV 0C Model Minimum Pulse Width 'sys_clk'
Slack : 9.943
TNS   : 0.000

Type  : Slow 1200mV 0C Model Minimum Pulse Width 'PLL_ip_inst|altpll_component|auto_generated|pll1|clk[1]'
Slack : 19.716
TNS   : 0.000

Type  : Fast 1200mV 0C Model Setup 'PLL_ip_inst|altpll_component|auto_generated|pll1|clk[1]'
Slack : 39.566
TNS   : 0.000

Type  : Fast 1200mV 0C Model Hold 'PLL_ip_inst|altpll_component|auto_generated|pll1|clk[1]'
Slack : 0.186
TNS   : 0.000

Type  : Fast 1200mV 0C Model Minimum Pulse Width 'sys_clk'
Slack : 9.594
TNS   : 0.000

Type  : Fast 1200mV 0C Model Minimum Pulse Width 'PLL_ip_inst|altpll_component|auto_generated|pll1|clk[1]'
Slack : 19.797
TNS   : 0.000

------------------------------------------------------------
